// Jest Snapshot v1, https://goo.gl/fbAQLP

exports[`hello 1`] = `
Uint8Array [
  40,
  181,
  47,
  253,
  32,
  5,
  41,
  0,
  0,
  72,
  101,
  108,
  108,
  111,
]
`;
